// Jest Snapshot v1, https://goo.gl/fbAQLP

exports[`<App/> hasn\`t got changes 1`] = `
<Fragment>
  <h1>
    ts-react-jest
  </h1>
  <ContextProvider
    value={
      Object {
        "changeState": [Function],
        "state": Object {
          "newTask": "",
          "tasks": Array [],
        },
      }
    }
  >
    <NewTask />
    <TasksList />
  </ContextProvider>
</Fragment>
`;
